
== loading SwarmSynth.dll ==
   entry point: main
   AEffect ok: 101 params, 32 programs, 0 in / 2 out
   audio: 44100 Hz, 512 frames x 4 buffers (~46.4 ms)
   editor 680 x 536

   keys: z s x d c v g b h n j m = C..B, q 2 w 3 e r 5 t 6 y 7 u = +1 oct
         up/down = octave, space = all notes off, esc = quit
         (click the host window's title bar if the plugin GUI has focus)

   gui step 1/10: dump
   dumped analysis/data/anarchy_fire/s0.chunk (1908 bytes)
   gui step 2/10: press:110,17
   gui step 3/10: wait
   gui step 4/10: release:110,17
   gui step 5/10: wait
   gui step 6/10: menudump
   menu at screen 81,91 149x143:
   [ 0] Synthesis                         
   [ 1] Speed LFO                         
   [ 2] Midi Controller Map               
   [ 3] Determinism seeding               
   [ 4] (separator)                        [greyed]
   [ 5] Visualisation                     
   [ 6] (separator)                        [greyed]
   [ 7] Reset Devices                     
   [ 8] <anarchy button>                  
   gui step 7/10: menuclick:8
   clicking menu item 8 at screen 155,222
   gui step 8/10: wait
   gui step 9/10: wait
   gui step 10/10: dump
   dumped analysis/data/anarchy_fire/s1.chunk (1908 bytes)
