
== loading SwarmSynth.dll ==
   entry point: main
   AEffect ok: 101 params, 32 programs, 0 in / 2 out
   audio: 44100 Hz, 512 frames x 4 buffers (~46.4 ms)
   editor 680 x 536

   keys: z s x d c v g b h n j m = C..B, q 2 w 3 e r 5 t 6 y 7 u = +1 oct
         up/down = octave, space = all notes off, esc = quit
         (click the host window's title bar if the plugin GUI has focus)

   gui step 1/9: press:110,17
   gui step 2/9: wait
   gui step 3/9: release:110,17
   gui step 4/9: wait
   gui step 5/9: menudump
   menu at screen 81,91 149x143 with 9 items:
     [ 0] Synthesis                               
     [ 1] Speed LFO                               
     [ 2] Midi Controller Map                     
     [ 3] Determinism seeding                     
     [ 4] (separator)                             
     [ 5] Visualisation                           
     [ 6] (separator)                             
     [ 7] Reset Devices                           
     [ 8] <anarchy button>                        
   gui step 6/9: menuitem:8
   gui step 7/9: wait
   gui step 8/9: wait
   gui step 9/9: dump
   dumped analysis/data/anarchy_on/s0.chunk (1908 bytes)
