
== loading SwarmSynth.dll ==
   entry point: main
   AEffect ok: 101 params, 32 programs, 0 in / 2 out
   audio: 44100 Hz, 512 frames x 4 buffers (~46.4 ms)
   editor 680 x 536

   keys: z s x d c v g b h n j m = C..B, q 2 w 3 e r 5 t 6 y 7 u = +1 oct
         up/down = octave, space = all notes off, esc = quit
         (click the host window's title bar if the plugin GUI has focus)

   gui step 1/9: drag:30,152,30,132
   gui step 2/9: wait
   dumped analysis/data/anarchy/s0.chunk (1908 bytes)
   gui step 3/9: dump
   gui step 4/9: click:138,65
   gui step 5/9: wait
   dumped analysis/data/anarchy/s1.chunk (1908 bytes)
   gui step 6/9: dump
   gui step 7/9: dclick:138,65
   gui step 8/9: wait
   dumped analysis/data/anarchy/s2.chunk (1908 bytes)
   gui step 9/9: dump
